------------------------------------------------------------
TimeQuest Timing Analyzer Summary
------------------------------------------------------------

Type  : Slow 1200mV 85C Model Setup 'SPI_SCK'
Slack : 14.455
TNS   : 0.000

Type  : Slow 1200mV 85C Model Setup 'pll|altpll_component|auto_generated|pll1|clk[0]'
Slack : 34.028
TNS   : 0.000

Type  : Slow 1200mV 85C Model Hold 'SPI_SCK'
Slack : 0.434
TNS   : 0.000

Type  : Slow 1200mV 85C Model Hold 'pll|altpll_component|auto_generated|pll1|clk[0]'
Slack : 0.454
TNS   : 0.000

Type  : Slow 1200mV 85C Model Recovery 'SPI_SCK'
Slack : 15.758
TNS   : 0.000

Type  : Slow 1200mV 85C Model Recovery 'pll|altpll_component|auto_generated|pll1|clk[0]'
Slack : 94.331
TNS   : 0.000

Type  : Slow 1200mV 85C Model Removal 'pll|altpll_component|auto_generated|pll1|clk[0]'
Slack : 2.879
TNS   : 0.000

Type  : Slow 1200mV 85C Model Removal 'SPI_SCK'
Slack : 3.873
TNS   : 0.000

Type  : Slow 1200mV 85C Model Minimum Pulse Width 'CLOCK_27'
Slack : 18.362
TNS   : 0.000

Type  : Slow 1200mV 85C Model Minimum Pulse Width 'SPI_SCK'
Slack : 20.415
TNS   : 0.000

Type  : Slow 1200mV 85C Model Minimum Pulse Width 'pll|altpll_component|auto_generated|pll1|clk[0]'
Slack : 48.494
TNS   : 0.000

Type  : Slow 1200mV 0C Model Setup 'SPI_SCK'
Slack : 14.973
TNS   : 0.000

Type  : Slow 1200mV 0C Model Setup 'pll|altpll_component|auto_generated|pll1|clk[0]'
Slack : 34.762
TNS   : 0.000

Type  : Slow 1200mV 0C Model Hold 'SPI_SCK'
Slack : 0.401
TNS   : 0.000

Type  : Slow 1200mV 0C Model Hold 'pll|altpll_component|auto_generated|pll1|clk[0]'
Slack : 0.402
TNS   : 0.000

Type  : Slow 1200mV 0C Model Recovery 'SPI_SCK'
Slack : 16.261
TNS   : 0.000

Type  : Slow 1200mV 0C Model Recovery 'pll|altpll_component|auto_generated|pll1|clk[0]'
Slack : 94.612
TNS   : 0.000

Type  : Slow 1200mV 0C Model Removal 'pll|altpll_component|auto_generated|pll1|clk[0]'
Slack : 2.577
TNS   : 0.000

Type  : Slow 1200mV 0C Model Removal 'SPI_SCK'
Slack : 3.602
TNS   : 0.000

Type  : Slow 1200mV 0C Model Minimum Pulse Width 'CLOCK_27'
Slack : 18.344
TNS   : 0.000

Type  : Slow 1200mV 0C Model Minimum Pulse Width 'SPI_SCK'
Slack : 20.401
TNS   : 0.000

Type  : Slow 1200mV 0C Model Minimum Pulse Width 'pll|altpll_component|auto_generated|pll1|clk[0]'
Slack : 48.519
TNS   : 0.000

Type  : Fast 1200mV 0C Model Setup 'SPI_SCK'
Slack : 16.755
TNS   : 0.000

Type  : Fast 1200mV 0C Model Setup 'pll|altpll_component|auto_generated|pll1|clk[0]'
Slack : 41.565
TNS   : 0.000

Type  : Fast 1200mV 0C Model Hold 'SPI_SCK'
Slack : 0.143
TNS   : 0.000

Type  : Fast 1200mV 0C Model Hold 'pll|altpll_component|auto_generated|pll1|clk[0]'
Slack : 0.186
TNS   : 0.000

Type  : Fast 1200mV 0C Model Recovery 'SPI_SCK'
Slack : 17.221
TNS   : 0.000

Type  : Fast 1200mV 0C Model Recovery 'pll|altpll_component|auto_generated|pll1|clk[0]'
Slack : 97.393
TNS   : 0.000

Type  : Fast 1200mV 0C Model Removal 'pll|altpll_component|auto_generated|pll1|clk[0]'
Slack : 1.309
TNS   : 0.000

Type  : Fast 1200mV 0C Model Removal 'SPI_SCK'
Slack : 1.802
TNS   : 0.000

Type  : Fast 1200mV 0C Model Minimum Pulse Width 'CLOCK_27'
Slack : 17.929
TNS   : 0.000

Type  : Fast 1200mV 0C Model Minimum Pulse Width 'SPI_SCK'
Slack : 20.000
TNS   : 0.000

Type  : Fast 1200mV 0C Model Minimum Pulse Width 'pll|altpll_component|auto_generated|pll1|clk[0]'
Slack : 49.305
TNS   : 0.000

------------------------------------------------------------
